// Jest Snapshot v1, https://goo.gl/fbAQLP

exports[`<Footer /> should render default 1`] = `
.c4 {
  display: -webkit-inline-box;
  display: -webkit-inline-flex;
  display: -ms-inline-flexbox;
  display: inline-flex;
  -webkit-align-items: center;
  -webkit-box-align: center;
  -ms-flex-align: center;
  align-items: center;
  -webkit-box-pack: center;
  -webkit-justify-content: center;
  -ms-flex-pack: center;
  justify-content: center;
  font-family: Poppins,-apple-system,BlinkMacSystemFont,'Segoe UI',Roboto,Oxygen,Ubuntu,Cantarell,'Open Sans','Helvetica Neue',sans-serif;
  border: 1px solid transparent;
  border-radius: 0.4rem;
  cursor: pointer;
  color: #C7ECEC;
  background-color: #201C2B;
  padding: 1rem;
}

.c4:hover {
  background-color: #332756;
}

.c0 {
  width: 100%;
  height: 100px;
}

.c1 {
  width: 100%;
  height: 100%;
  display: -webkit-box;
  display: -webkit-flex;
  display: -ms-flexbox;
  display: flex;
  -webkit-align-items: center;
  -webkit-box-align: center;
  -ms-flex-align: center;
  align-items: center;
  -webkit-box-pack: justify;
  -webkit-justify-content: space-between;
  -ms-flex-pack: justify;
  justify-content: space-between;
  background-color: #2E2F42;
  padding: 12px;
}

.c3 {
  font-size: 1.8rem;
  color: #7FFA45;
  font-weight: 600;
  margin-left: 12px;
}

.c2 {
  font-size: 1.6rem;
  color: #415151;
  font-weight: 600;
}

@media (min-width:768px) {
  .c1 {
    -webkit-box-pack: end;
    -webkit-justify-content: flex-end;
    -ms-flex-pack: end;
    justify-content: flex-end;
  }
}

<div
  class="c0"
>
  <div
    class="c1"
  >
    <span
      class="c2"
    >
      Valor total:
    </span>
    <span
      class="c3"
    >
      R$ NaN
    </span>
    <div
      style="padding: 24px;"
    >
      <button
        aria-label="finaliza"
        class="c4"
      >
        <span>
          Finalizar compra
        </span>
      </button>
    </div>
  </div>
</div>
`;
